---
source: packages/sapling_transformer/src/compatible/text_node.rs
expression: expr.to_string()
---
_$createTextNode("hello")
