---
source: packages/sapling_transformer/tests/test_utils.rs
expression: index.tsx
---
# Input
```tsx
let some = () => {
  return 1;
};

function Expr() {
  const value = some();

  return <div>{value}</div>;
}

```

# Transformations
```tsx
let some = () => {
  return 1;
};

function Expr() {
  const value = some();
  return (() => {
    let _el$ = _$createElement("div");
    _$insert(_el$, value);
    return _el$;
  })();
}

```
