---
source: packages/sapling_transformer/tests/test_utils.rs
expression: index.tsx
---
# Input
```tsx
function SelfClose() {
  return <button type="button" />;
}

function SelfClose2() {
  return (
    <div>
      <button type="button" />
    </div>
  );
}

```

# Transformations
```tsx
function SelfClose() {
  return (() => {
    let _el$ = _$createElement("button");
    _$setProp(_el$, "type", "button");
    return _el$;
  })();
}

function SelfClose2() {
  return (() => {
    let _el$ = _$createElement("div");
    let _el$1 = _$createElement("button");
    _$setProp(_el$1, "type", "button");
    _$insertNode(_el$, _el$1);
    return _el$;
  })();
}

```
