---
source: packages/sapling_transformer/tests/tests.rs
expression: index.tsx
---
# Input
```tsx
import React from "react";

const Demo = () => {
  return <div>Demo</div>;
};

const App = () => {
  return <Demo></Demo>;
};

```
