---
source: packages/sapling_transformer/tests/specs/simple_elements/index.tsx
expression: index.tsx
---
# Input
```tsx
const template = <h1>template</h1>;

```

# Transformations
```tsx
const template = (() => {
  var _el$ = _$createElement("h1");
  _$insertNode(_el$, _$createTextNode(`template`));
  return _el$;
})();

```
