---
source: packages/sapling_shared/tests/template_test.rs
expression: result.code
---
"use client";
var testTemplate = "Test template content";
const style = (values: unknown): string => {
	return "";
};
const Test = () => {
	return <div className={style({})}>{"Test"}</div>;
};
export default Test;
