---
source: packages/sapling_transformer/src/helpers/make_set_prop.rs
expression: "format!(\"{}\\n{}\\n{}\", stmt1.to_string(), stmt2.to_string(), stmt3.to_string())"
---
_$setProp(_el$, "id", "foo")
_$setProp(_el$, "title", "bar")
_$setProp(_el$, "foo:some", 0)
